mode: set
pheet-fiber-backend/service/products/handlers/products_handlers.go:26.115,31.2 1 1
pheet-fiber-backend/service/products/handlers/products_handlers.go:33.63,41.22 7 0
pheet-fiber-backend/service/products/handlers/products_handlers.go:41.22,43.3 1 0
pheet-fiber-backend/service/products/handlers/products_handlers.go:45.2,45.20 1 0
pheet-fiber-backend/service/products/handlers/products_handlers.go:45.20,47.3 1 0
pheet-fiber-backend/service/products/handlers/products_handlers.go:49.2,49.23 1 0
pheet-fiber-backend/service/products/handlers/products_handlers.go:49.23,51.3 1 0
pheet-fiber-backend/service/products/handlers/products_handlers.go:53.2,54.16 2 0
pheet-fiber-backend/service/products/handlers/products_handlers.go:54.16,55.81 1 0
pheet-fiber-backend/service/products/handlers/products_handlers.go:55.81,59.4 1 0
pheet-fiber-backend/service/products/handlers/products_handlers.go:60.3,62.5 1 0
pheet-fiber-backend/service/products/handlers/products_handlers.go:65.2,73.43 2 0
pheet-fiber-backend/service/products/handlers/products_handlers.go:76.63,81.16 4 1
pheet-fiber-backend/service/products/handlers/products_handlers.go:81.16,82.81 1 1
pheet-fiber-backend/service/products/handlers/products_handlers.go:82.81,86.4 1 1
pheet-fiber-backend/service/products/handlers/products_handlers.go:87.3,89.5 1 1
pheet-fiber-backend/service/products/handlers/products_handlers.go:92.2,96.43 2 1
pheet-fiber-backend/service/products/handlers/products_handlers.go:99.54,103.42 3 0
pheet-fiber-backend/service/products/handlers/products_handlers.go:103.42,107.3 1 0
pheet-fiber-backend/service/products/handlers/products_handlers.go:109.2,110.16 2 0
pheet-fiber-backend/service/products/handlers/products_handlers.go:110.16,114.3 1 0
pheet-fiber-backend/service/products/handlers/products_handlers.go:115.2,120.67 5 0
pheet-fiber-backend/service/products/handlers/products_handlers.go:120.67,124.3 1 0
pheet-fiber-backend/service/products/handlers/products_handlers.go:126.2,131.43 2 0
pheet-fiber-backend/service/products/handlers/products_handlers.go:134.61,138.49 4 0
pheet-fiber-backend/service/products/handlers/products_handlers.go:138.49,142.3 1 0
pheet-fiber-backend/service/products/handlers/products_handlers.go:144.2,146.17 3 0
pheet-fiber-backend/service/products/handlers/products_handlers.go:146.17,148.3 1 0
pheet-fiber-backend/service/products/handlers/products_handlers.go:150.2,151.16 2 0
pheet-fiber-backend/service/products/handlers/products_handlers.go:151.16,155.3 1 0
pheet-fiber-backend/service/products/handlers/products_handlers.go:156.2,156.25 1 0
pheet-fiber-backend/service/products/handlers/products_handlers.go:156.25,160.3 1 0
pheet-fiber-backend/service/products/handlers/products_handlers.go:163.2,167.21 5 0
pheet-fiber-backend/service/products/handlers/products_handlers.go:167.21,168.29 1 0
pheet-fiber-backend/service/products/handlers/products_handlers.go:168.29,173.4 2 0
pheet-fiber-backend/service/products/handlers/products_handlers.go:177.2,177.43 1 0
pheet-fiber-backend/service/products/handlers/products_handlers.go:177.43,178.54 1 0
pheet-fiber-backend/service/products/handlers/products_handlers.go:178.54,182.4 1 0
pheet-fiber-backend/service/products/handlers/products_handlers.go:183.3,183.66 1 0
pheet-fiber-backend/service/products/handlers/products_handlers.go:183.66,187.4 1 0
pheet-fiber-backend/service/products/handlers/products_handlers.go:189.2,189.74 1 0
pheet-fiber-backend/service/products/handlers/products_handlers.go:189.74,193.3 1 0
pheet-fiber-backend/service/products/handlers/products_handlers.go:195.2,199.43 2 0
pheet-fiber-backend/service/products/handlers/products_handlers.go:202.61,207.16 4 0
pheet-fiber-backend/service/products/handlers/products_handlers.go:207.16,211.3 1 0
pheet-fiber-backend/service/products/handlers/products_handlers.go:213.2,214.29 2 0
pheet-fiber-backend/service/products/handlers/products_handlers.go:214.29,215.37 1 0
pheet-fiber-backend/service/products/handlers/products_handlers.go:215.37,223.4 5 0
pheet-fiber-backend/service/products/handlers/products_handlers.go:226.2,226.21 1 0
pheet-fiber-backend/service/products/handlers/products_handlers.go:226.21,227.54 1 0
pheet-fiber-backend/service/products/handlers/products_handlers.go:227.54,231.4 1 0
pheet-fiber-backend/service/products/handlers/products_handlers.go:234.2,234.64 1 0
pheet-fiber-backend/service/products/handlers/products_handlers.go:234.64,238.3 1 0
pheet-fiber-backend/service/products/handlers/products_handlers.go:240.2,244.43 2 0
pheet-fiber-backend/service/products/repository/products_repository.go:25.76,29.2 1 1
pheet-fiber-backend/service/products/repository/products_repository.go:31.102,35.43 3 0
pheet-fiber-backend/service/products/repository/products_repository.go:35.43,36.15 1 0
pheet-fiber-backend/service/products/repository/products_repository.go:36.15,43.4 6 0
pheet-fiber-backend/service/products/repository/products_repository.go:46.2,46.23 1 0
pheet-fiber-backend/service/products/repository/products_repository.go:49.140,53.20 4 0
pheet-fiber-backend/service/products/repository/products_repository.go:53.20,55.3 1 0
pheet-fiber-backend/service/products/repository/products_repository.go:56.2,56.22 1 0
pheet-fiber-backend/service/products/repository/products_repository.go:56.22,66.3 3 0
pheet-fiber-backend/service/products/repository/products_repository.go:68.2,116.16 4 0
pheet-fiber-backend/service/products/repository/products_repository.go:116.16,118.3 1 0
pheet-fiber-backend/service/products/repository/products_repository.go:119.2,122.16 3 0
pheet-fiber-backend/service/products/repository/products_repository.go:122.16,124.3 1 0
pheet-fiber-backend/service/products/repository/products_repository.go:125.2,128.16 3 0
pheet-fiber-backend/service/products/repository/products_repository.go:128.16,130.3 1 0
pheet-fiber-backend/service/products/repository/products_repository.go:132.2,132.22 1 0
pheet-fiber-backend/service/products/repository/products_repository.go:135.114,170.16 3 1
pheet-fiber-backend/service/products/repository/products_repository.go:170.16,172.3 1 0
pheet-fiber-backend/service/products/repository/products_repository.go:173.2,176.16 3 1
pheet-fiber-backend/service/products/repository/products_repository.go:176.16,178.3 1 0
pheet-fiber-backend/service/products/repository/products_repository.go:180.2,181.16 2 1
pheet-fiber-backend/service/products/repository/products_repository.go:181.16,183.3 1 1
pheet-fiber-backend/service/products/repository/products_repository.go:185.2,185.21 1 1
pheet-fiber-backend/service/products/repository/products_repository.go:188.92,190.16 2 1
pheet-fiber-backend/service/products/repository/products_repository.go:190.16,192.3 1 0
pheet-fiber-backend/service/products/repository/products_repository.go:194.2,194.54 1 1
pheet-fiber-backend/service/products/repository/products_repository.go:194.54,196.3 1 0
pheet-fiber-backend/service/products/repository/products_repository.go:198.2,198.65 1 1
pheet-fiber-backend/service/products/repository/products_repository.go:198.65,200.3 1 0
pheet-fiber-backend/service/products/repository/products_repository.go:202.2,202.53 1 1
pheet-fiber-backend/service/products/repository/products_repository.go:202.53,204.3 1 0
pheet-fiber-backend/service/products/repository/products_repository.go:206.2,206.20 1 1
pheet-fiber-backend/service/products/repository/products_repository.go:209.92,211.16 2 1
pheet-fiber-backend/service/products/repository/products_repository.go:211.16,213.3 1 0
pheet-fiber-backend/service/products/repository/products_repository.go:215.2,215.55 1 1
pheet-fiber-backend/service/products/repository/products_repository.go:215.55,217.3 1 0
pheet-fiber-backend/service/products/repository/products_repository.go:219.2,219.65 1 1
pheet-fiber-backend/service/products/repository/products_repository.go:219.65,221.3 1 0
pheet-fiber-backend/service/products/repository/products_repository.go:223.2,223.53 1 1
pheet-fiber-backend/service/products/repository/products_repository.go:223.53,225.3 1 0
pheet-fiber-backend/service/products/repository/products_repository.go:227.2,227.20 1 1
pheet-fiber-backend/service/products/repository/products_repository.go:230.109,249.16 3 1
pheet-fiber-backend/service/products/repository/products_repository.go:249.16,251.3 1 0
pheet-fiber-backend/service/products/repository/products_repository.go:252.2,267.16 2 1
pheet-fiber-backend/service/products/repository/products_repository.go:267.16,270.3 2 0
pheet-fiber-backend/service/products/repository/products_repository.go:272.2,272.12 1 1
pheet-fiber-backend/service/products/repository/products_repository.go:275.120,288.16 3 1
pheet-fiber-backend/service/products/repository/products_repository.go:288.16,290.3 1 0
pheet-fiber-backend/service/products/repository/products_repository.go:291.2,296.16 2 1
pheet-fiber-backend/service/products/repository/products_repository.go:296.16,299.3 2 0
pheet-fiber-backend/service/products/repository/products_repository.go:301.2,301.12 1 1
pheet-fiber-backend/service/products/repository/products_repository.go:304.120,315.16 3 1
pheet-fiber-backend/service/products/repository/products_repository.go:315.16,317.3 1 0
pheet-fiber-backend/service/products/repository/products_repository.go:318.2,323.16 2 1
pheet-fiber-backend/service/products/repository/products_repository.go:323.16,326.3 2 0
pheet-fiber-backend/service/products/repository/products_repository.go:328.2,328.12 1 1
pheet-fiber-backend/service/products/repository/products_repository.go:331.110,344.16 3 1
pheet-fiber-backend/service/products/repository/products_repository.go:344.16,346.3 1 0
pheet-fiber-backend/service/products/repository/products_repository.go:347.2,355.16 2 1
pheet-fiber-backend/service/products/repository/products_repository.go:355.16,358.3 2 0
pheet-fiber-backend/service/products/repository/products_repository.go:360.2,360.12 1 1
pheet-fiber-backend/service/products/repository/products_repository.go:363.108,388.16 3 1
pheet-fiber-backend/service/products/repository/products_repository.go:388.16,390.3 1 0
pheet-fiber-backend/service/products/repository/products_repository.go:392.2,392.36 1 1
pheet-fiber-backend/service/products/repository/products_repository.go:392.36,406.17 1 1
pheet-fiber-backend/service/products/repository/products_repository.go:406.17,410.4 3 0
pheet-fiber-backend/service/products/repository/products_repository.go:413.2,413.12 1 1
pheet-fiber-backend/service/products/repository/products_repository.go:416.96,418.16 2 1
pheet-fiber-backend/service/products/repository/products_repository.go:418.16,420.3 1 0
pheet-fiber-backend/service/products/repository/products_repository.go:422.2,422.72 1 1
pheet-fiber-backend/service/products/repository/products_repository.go:422.72,424.3 1 0
pheet-fiber-backend/service/products/repository/products_repository.go:426.2,426.60 1 1
pheet-fiber-backend/service/products/repository/products_repository.go:426.60,428.3 1 0
pheet-fiber-backend/service/products/repository/products_repository.go:430.2,430.61 1 1
pheet-fiber-backend/service/products/repository/products_repository.go:430.61,432.3 1 0
pheet-fiber-backend/service/products/repository/products_repository.go:434.2,434.20 1 1
pheet-fiber-backend/service/products/repository/products_repository.go:437.105,446.16 3 1
pheet-fiber-backend/service/products/repository/products_repository.go:446.16,448.3 1 0
pheet-fiber-backend/service/products/repository/products_repository.go:449.2,451.60 2 1
pheet-fiber-backend/service/products/repository/products_repository.go:451.60,453.3 1 0
pheet-fiber-backend/service/products/repository/products_repository.go:455.2,455.12 1 1
pheet-fiber-backend/service/products/repository/products_repository.go:458.104,467.16 3 1
pheet-fiber-backend/service/products/repository/products_repository.go:467.16,469.3 1 0
pheet-fiber-backend/service/products/repository/products_repository.go:470.2,472.60 2 1
pheet-fiber-backend/service/products/repository/products_repository.go:472.60,475.3 2 0
pheet-fiber-backend/service/products/repository/products_repository.go:477.2,477.12 1 1
pheet-fiber-backend/service/products/repository/products_repository.go:480.116,489.16 3 1
pheet-fiber-backend/service/products/repository/products_repository.go:489.16,491.3 1 0
pheet-fiber-backend/service/products/repository/products_repository.go:492.2,494.60 2 1
pheet-fiber-backend/service/products/repository/products_repository.go:494.60,497.3 2 0
pheet-fiber-backend/service/products/repository/products_repository.go:499.2,499.12 1 1
pheet-fiber-backend/service/products/repository/products_repository.go:502.87,504.16 2 0
pheet-fiber-backend/service/products/repository/products_repository.go:504.16,506.3 1 0
pheet-fiber-backend/service/products/repository/products_repository.go:507.2,512.16 3 0
pheet-fiber-backend/service/products/repository/products_repository.go:512.16,514.3 1 0
pheet-fiber-backend/service/products/repository/products_repository.go:515.2,517.18 2 0
pheet-fiber-backend/service/products/repository/products_repository.go:517.18,518.26 1 0
pheet-fiber-backend/service/products/repository/products_repository.go:518.26,521.18 1 0
pheet-fiber-backend/service/products/repository/products_repository.go:521.18,524.5 2 0
pheet-fiber-backend/service/products/repository/products_repository.go:528.2,528.20 1 0
pheet-fiber-backend/service/products/repository/products_repository.go:531.129,533.16 2 0
pheet-fiber-backend/service/products/repository/products_repository.go:533.16,535.3 1 0
pheet-fiber-backend/service/products/repository/products_repository.go:537.2,538.22 2 0
pheet-fiber-backend/service/products/repository/products_repository.go:538.22,540.3 1 0
pheet-fiber-backend/service/products/repository/products_repository.go:542.2,542.24 1 0
pheet-fiber-backend/service/products/repository/products_repository.go:542.24,544.3 1 0
pheet-fiber-backend/service/products/repository/products_repository.go:546.2,546.22 1 0
pheet-fiber-backend/service/products/repository/products_repository.go:549.97,551.16 2 1
pheet-fiber-backend/service/products/repository/products_repository.go:551.16,553.3 1 0
pheet-fiber-backend/service/products/repository/products_repository.go:554.2,556.24 2 1
pheet-fiber-backend/service/products/repository/products_repository.go:556.24,558.3 1 1
pheet-fiber-backend/service/products/repository/products_repository.go:560.2,560.25 1 1
